// Jest Snapshot v1, https://goo.gl/fbAQLP

exports[`App should pass snapshot test 1`] = `
<App
  dispatch={[Function]}
  history={Object {}}
  store={
    Object {
      "clearActions": [Function],
      "dispatch": [Function],
      "getActions": [Function],
      "getState": [Function],
      "replaceReducer": [Function],
      "subscribe": [Function],
    }
  }
/>
`;
