// Jest Snapshot v1, https://goo.gl/fbAQLP

exports[`Search snapshot test 1`] = `
<div>
  First Name: 
  <input />
  Last Name: 
  <input />
  Date of Birth: 
  <input />
</div>
`;
