// Jest Snapshot v1, https://goo.gl/fbAQLP

exports[`Footer should pass snapshot test 1`] = `
<div
  className="footer"
>
  Â© React Redux Example
</div>
`;
