// Jest Snapshot v1, https://goo.gl/fbAQLP

exports[`Search snapshot test 1`] = `
<div>
  <h1>
    React Redux Example
  </h1>
</div>
`;
